EN register_2bit NULL "C:/Users/Bruger/Documents/Atmel Studio/7.0/3ugers_06.06.19/3-Ugers-Sommer-2019/waveform_generator_v3/Register_2bit.vhd" sub00/vhpl20 1560412727
EN sevenseg5 NULL "C:/Users/Bruger/Documents/Atmel Studio/7.0/3ugers_06.06.19/3-Ugers-Sommer-2019/waveform_generator_v3/SevenSeg5.vhd" sub00/vhpl16 1560412737
EN ny_controler NULL "C:/Users/Bruger/Documents/Atmel Studio/7.0/3ugers_06.06.19/3-Ugers-Sommer-2019/waveform_generator_v3/NY_Controler.vhd" sub00/vhpl02 1560412731
AR divclk divclk_arch "C:/Users/Bruger/Documents/Atmel Studio/7.0/3ugers_06.06.19/3-Ugers-Sommer-2019/waveform_generator_v3/DivClk.vhd" sub00/vhpl11 1560412730
EN tilstandsmaskine NULL "C:/Users/Bruger/Documents/Atmel Studio/7.0/3ugers_06.06.19/3-Ugers-Sommer-2019/waveform_generator_v3/Tilstandsmaskine.vhd" sub00/vhpl06 1560412723
AR shift_reg behavioral "C:/Users/Bruger/Documents/Atmel Studio/7.0/3ugers_06.06.19/3-Ugers-Sommer-2019/waveform_generator_v3/Shift_Reg.vhd" sub00/vhpl01 1560412720
AR disp_drive behavioral "C:/Users/Bruger/Documents/Atmel Studio/7.0/3ugers_06.06.19/3-Ugers-Sommer-2019/waveform_generator_v3/Disp_Drive.vhd" sub00/vhpl25 1560412736
AR sinuslut sinuslut_a "C:/Users/Bruger/Documents/Atmel Studio/7.0/3ugers_06.06.19/3-Ugers-Sommer-2019/waveform_generator_v3/ipcore_dir/SinusLUT.vhd" sub00/vhpl14 1560412718
AR sevenseg5 sevenseg_arch "C:/Users/Bruger/Documents/Atmel Studio/7.0/3ugers_06.06.19/3-Ugers-Sommer-2019/waveform_generator_v3/SevenSeg5.vhd" sub00/vhpl17 1560412738
EN siggentop NULL "C:/Users/Bruger/Documents/Atmel Studio/7.0/3ugers_06.06.19/3-Ugers-Sommer-2019/waveform_generator_v3/SigGenTop.vhd" sub00/vhpl18 1560412739
AR siggendatapath behavioral "C:/Users/Bruger/Documents/Atmel Studio/7.0/3ugers_06.06.19/3-Ugers-Sommer-2019/waveform_generator_v3/SigGenDatapath.vhd" sub00/vhpl15 1560412734
EN ss_puls_gen NULL "C:/Users/Bruger/Documents/Atmel Studio/7.0/3ugers_06.06.19/3-Ugers-Sommer-2019/waveform_generator_v3/ss_puls_gen.vhd" sub00/vhpl04 1560412721
EN shift_reg NULL "C:/Users/Bruger/Documents/Atmel Studio/7.0/3ugers_06.06.19/3-Ugers-Sommer-2019/waveform_generator_v3/Shift_Reg.vhd" sub00/vhpl00 1560412719
AR btndb behavioral "C:/Users/Bruger/Documents/Atmel Studio/7.0/3ugers_06.06.19/3-Ugers-Sommer-2019/3ugers.060619_VHDL_start/BTNdb.vhd" sub00/vhpl24 1560412716
EN disp_drive NULL "C:/Users/Bruger/Documents/Atmel Studio/7.0/3ugers_06.06.19/3-Ugers-Sommer-2019/waveform_generator_v3/Disp_Drive.vhd" sub00/vhpl22 1560412735
EN siggendatapath NULL "C:/Users/Bruger/Documents/Atmel Studio/7.0/3ugers_06.06.19/3-Ugers-Sommer-2019/waveform_generator_v3/SigGenDatapath.vhd" sub00/vhpl12 1560412733
AR ss_puls_gen behavioral "C:/Users/Bruger/Documents/Atmel Studio/7.0/3ugers_06.06.19/3-Ugers-Sommer-2019/waveform_generator_v3/ss_puls_gen.vhd" sub00/vhpl05 1560412722
AR reg_8bit behavioral "C:/Users/Bruger/Documents/Atmel Studio/7.0/3ugers_06.06.19/3-Ugers-Sommer-2019/waveform_generator_v3/Reg_8bit.vhd" sub00/vhpl09 1560412726
AR register_2bit behavioral "C:/Users/Bruger/Documents/Atmel Studio/7.0/3ugers_06.06.19/3-Ugers-Sommer-2019/waveform_generator_v3/Register_2bit.vhd" sub00/vhpl21 1560412728
EN divclk NULL "C:/Users/Bruger/Documents/Atmel Studio/7.0/3ugers_06.06.19/3-Ugers-Sommer-2019/waveform_generator_v3/DivClk.vhd" sub00/vhpl10 1560412729
AR siggentop behavioral "C:/Users/Bruger/Documents/Atmel Studio/7.0/3ugers_06.06.19/3-Ugers-Sommer-2019/waveform_generator_v3/SigGenTop.vhd" sub00/vhpl19 1560412740
EN btndb NULL "C:/Users/Bruger/Documents/Atmel Studio/7.0/3ugers_06.06.19/3-Ugers-Sommer-2019/3ugers.060619_VHDL_start/BTNdb.vhd" sub00/vhpl23 1560412715
EN reg_8bit NULL "C:/Users/Bruger/Documents/Atmel Studio/7.0/3ugers_06.06.19/3-Ugers-Sommer-2019/waveform_generator_v3/Reg_8bit.vhd" sub00/vhpl08 1560412725
AR tilstandsmaskine behavioral "C:/Users/Bruger/Documents/Atmel Studio/7.0/3ugers_06.06.19/3-Ugers-Sommer-2019/waveform_generator_v3/Tilstandsmaskine.vhd" sub00/vhpl07 1560412724
EN sinuslut NULL "C:/Users/Bruger/Documents/Atmel Studio/7.0/3ugers_06.06.19/3-Ugers-Sommer-2019/waveform_generator_v3/ipcore_dir/SinusLUT.vhd" sub00/vhpl13 1560412717
AR ny_controler behavioral "C:/Users/Bruger/Documents/Atmel Studio/7.0/3ugers_06.06.19/3-Ugers-Sommer-2019/waveform_generator_v3/NY_Controler.vhd" sub00/vhpl03 1560412732
