EN btn_styr_tb NULL "C:/Users/Bruger/Documents/Atmel Studio/7.0/3ugers_06.06.19/3-Ugers-Sommer-2019/Waveform_generator_v2/BTN_styr_TB.vhd" sub00/vhpl02 1560241879
AR btn_styr behavioral "C:/Users/Bruger/Documents/Atmel Studio/7.0/3ugers_06.06.19/3-Ugers-Sommer-2019/Waveform_generator_v2/BTN_STYR.vhd" sub00/vhpl01 1560241878
EN btn_styr NULL "C:/Users/Bruger/Documents/Atmel Studio/7.0/3ugers_06.06.19/3-Ugers-Sommer-2019/Waveform_generator_v2/BTN_STYR.vhd" sub00/vhpl00 1560241877
