Release 14.6 - xst P.68d (nt)
Copyright (c) 1995-2013 Xilinx, Inc.  All rights reserved.
--> Parameter TMPDIR set to xst/projnav.tmp


Total REAL time to Xst completion: 1.00 secs
Total CPU time to Xst completion: 0.17 secs
 
--> Parameter xsthdpdir set to xst


Total REAL time to Xst completion: 1.00 secs
Total CPU time to Xst completion: 0.17 secs
 
--> Reading design: NY_Controler.prj

TABLE OF CONTENTS
  1) Synthesis Options Summary
  2) HDL Compilation
  3) Design Hierarchy Analysis
  4) HDL Analysis
  5) HDL Synthesis
     5.1) HDL Synthesis Report
  6) Advanced HDL Synthesis
     6.1) Advanced HDL Synthesis Report
  7) Low Level Synthesis
  8) Partition Report
  9) Final Report
	9.1) Device utilization summary
	9.2) Partition Resource Summary
	9.3) TIMING REPORT


=========================================================================
*                      Synthesis Options Summary                        *
=========================================================================
---- Source Parameters
Input File Name                    : "NY_Controler.prj"
Input Format                       : mixed
Ignore Synthesis Constraint File   : NO

---- Target Parameters
Output File Name                   : "NY_Controler"
Output Format                      : NGC
Target Device                      : xc3s100e-4-cp132

---- Source Options
Top Module Name                    : NY_Controler
Automatic FSM Extraction           : YES
FSM Encoding Algorithm             : Auto
Safe Implementation                : No
FSM Style                          : LUT
RAM Extraction                     : Yes
RAM Style                          : Auto
ROM Extraction                     : Yes
Mux Style                          : Auto
Decoder Extraction                 : YES
Priority Encoder Extraction        : Yes
Shift Register Extraction          : YES
Logical Shifter Extraction         : YES
XOR Collapsing                     : YES
ROM Style                          : Auto
Mux Extraction                     : Yes
Resource Sharing                   : YES
Asynchronous To Synchronous        : NO
Multiplier Style                   : Auto
Automatic Register Balancing       : No

---- Target Options
Add IO Buffers                     : YES
Global Maximum Fanout              : 100000
Add Generic Clock Buffer(BUFG)     : 24
Register Duplication               : YES
Slice Packing                      : YES
Optimize Instantiated Primitives   : NO
Use Clock Enable                   : Yes
Use Synchronous Set                : Yes
Use Synchronous Reset              : Yes
Pack IO Registers into IOBs        : Auto
Equivalent register Removal        : YES

---- General Options
Optimization Goal                  : Speed
Optimization Effort                : 1
Keep Hierarchy                     : No
Netlist Hierarchy                  : As_Optimized
RTL Output                         : Yes
Global Optimization                : AllClockNets
Read Cores                         : YES
Write Timing Constraints           : NO
Cross Clock Analysis               : NO
Hierarchy Separator                : /
Bus Delimiter                      : <>
Case Specifier                     : Maintain
Slice Utilization Ratio            : 100
BRAM Utilization Ratio             : 100
Verilog 2001                       : YES
Auto BRAM Packing                  : NO
Slice Utilization Ratio Delta      : 5

---- Other Options
Cores Search Directories           : {"ipcore_dir"  }

=========================================================================


=========================================================================
*                          HDL Compilation                              *
=========================================================================
Compiling vhdl file "C:/Users/Bruger/Documents/Atmel Studio/7.0/3ugers_06.06.19/3-Ugers-Sommer-2019/waveform_generator_v3/Shift_Reg.vhd" in Library work.
Architecture behavioral of Entity shift_reg is up to date.
Compiling vhdl file "C:/Users/Bruger/Documents/Atmel Studio/7.0/3ugers_06.06.19/3-Ugers-Sommer-2019/waveform_generator_v3/ss_puls_gen.vhd" in Library work.
Architecture behavioral of Entity ss_puls_gen is up to date.
Compiling vhdl file "C:/Users/Bruger/Documents/Atmel Studio/7.0/3ugers_06.06.19/3-Ugers-Sommer-2019/waveform_generator_v3/Tilstandsmaskine.vhd" in Library work.
Architecture behavioral of Entity tilstandsmaskine is up to date.
Compiling vhdl file "C:/Users/Bruger/Documents/Atmel Studio/7.0/3ugers_06.06.19/3-Ugers-Sommer-2019/waveform_generator_v3/Reg_8bit.vhd" in Library work.
Architecture behavioral of Entity reg_8bit is up to date.
Compiling vhdl file "C:/Users/Bruger/Documents/Atmel Studio/7.0/3ugers_06.06.19/3-Ugers-Sommer-2019/waveform_generator_v3/Register_2bit.vhd" in Library work.
Architecture behavioral of Entity register_2bit is up to date.
Compiling vhdl file "C:/Users/Bruger/Documents/Atmel Studio/7.0/3ugers_06.06.19/3-Ugers-Sommer-2019/waveform_generator_v3/NY_Controler.vhd" in Library work.
Architecture behavioral of Entity ny_controler is up to date.

=========================================================================
*                     Design Hierarchy Analysis                         *
=========================================================================
Analyzing hierarchy for entity <NY_Controler> in library <work> (architecture <behavioral>).

Analyzing hierarchy for entity <Shift_Reg> in library <work> (architecture <behavioral>).

Analyzing hierarchy for entity <ss_puls_gen> in library <work> (architecture <behavioral>).

Analyzing hierarchy for entity <Tilstandsmaskine> in library <work> (architecture <behavioral>).

Analyzing hierarchy for entity <Reg_8bit> in library <work> (architecture <behavioral>).

Analyzing hierarchy for entity <Register_2bit> in library <work> (architecture <behavioral>).


=========================================================================
*                            HDL Analysis                               *
=========================================================================
Analyzing Entity <NY_Controler> in library <work> (Architecture <behavioral>).
Entity <NY_Controler> analyzed. Unit <NY_Controler> generated.

Analyzing Entity <Shift_Reg> in library <work> (Architecture <behavioral>).
Entity <Shift_Reg> analyzed. Unit <Shift_Reg> generated.

Analyzing Entity <ss_puls_gen> in library <work> (Architecture <behavioral>).
Entity <ss_puls_gen> analyzed. Unit <ss_puls_gen> generated.

Analyzing Entity <Tilstandsmaskine> in library <work> (Architecture <behavioral>).
Entity <Tilstandsmaskine> analyzed. Unit <Tilstandsmaskine> generated.

Analyzing Entity <Reg_8bit> in library <work> (Architecture <behavioral>).
Entity <Reg_8bit> analyzed. Unit <Reg_8bit> generated.

Analyzing Entity <Register_2bit> in library <work> (Architecture <behavioral>).
Entity <Register_2bit> analyzed. Unit <Register_2bit> generated.


=========================================================================
*                           HDL Synthesis                               *
=========================================================================

Performing bidirectional port resolution...

Synthesizing Unit <Shift_Reg>.
    Related source file is "C:/Users/Bruger/Documents/Atmel Studio/7.0/3ugers_06.06.19/3-Ugers-Sommer-2019/waveform_generator_v3/Shift_Reg.vhd".
    Found 8-bit register for signal <SW_sig>.
    Summary:
	inferred   8 D-type flip-flop(s).
Unit <Shift_Reg> synthesized.


Synthesizing Unit <ss_puls_gen>.
    Related source file is "C:/Users/Bruger/Documents/Atmel Studio/7.0/3ugers_06.06.19/3-Ugers-Sommer-2019/waveform_generator_v3/ss_puls_gen.vhd".
    Found 1-bit register for signal <flag>.
    Found 1-bit register for signal <syncout>.
    Summary:
	inferred   2 D-type flip-flop(s).
Unit <ss_puls_gen> synthesized.


Synthesizing Unit <Tilstandsmaskine>.
    Related source file is "C:/Users/Bruger/Documents/Atmel Studio/7.0/3ugers_06.06.19/3-Ugers-Sommer-2019/waveform_generator_v3/Tilstandsmaskine.vhd".
WARNING:Xst:1305 - Output <SigEn> is never assigned. Tied to value 1.
    Found finite state machine <FSM_0> for signal <State>.
    -----------------------------------------------------------------------
    | States             | 5                                              |
    | Transitions        | 6                                              |
    | Inputs             | 1                                              |
    | Outputs            | 5                                              |
    | Clock              | Clk                       (rising_edge)        |
    | Clock enable       | SS_puls                   (positive)           |
    | Reset              | Reset                     (positive)           |
    | Reset type         | asynchronous                                   |
    | Reset State        | sync                                           |
    | Power Up State     | sync                                           |
    | Encoding           | automatic                                      |
    | Implementation     | LUT                                            |
    -----------------------------------------------------------------------
    Found 8-bit comparator equal for signal <AllEn$cmp_eq0000> created at line 75.
    Found 1-bit xor3 for signal <AllEn$xor0000> created at line 75.
    Found 1-bit xor3 for signal <AllEn$xor0002> created at line 75.
    Found 1-bit xor3 for signal <AllEn$xor0005> created at line 75.
    Found 1-bit xor3 for signal <AllEn$xor0007> created at line 75.
    Found 1-bit xor3 for signal <AllEn$xor0008> created at line 75.
    Found 1-bit xor3 for signal <AllEn$xor0009> created at line 75.
    Found 1-bit xor3 for signal <AllEn$xor0010> created at line 75.
    Found 1-bit xor3 for signal <AllEn$xor0011> created at line 75.
    Summary:
	inferred   1 Finite State Machine(s).
	inferred   1 Comparator(s).
	inferred   8 Xor(s).
Unit <Tilstandsmaskine> synthesized.


Synthesizing Unit <Reg_8bit>.
    Related source file is "C:/Users/Bruger/Documents/Atmel Studio/7.0/3ugers_06.06.19/3-Ugers-Sommer-2019/waveform_generator_v3/Reg_8bit.vhd".
    Found 8-bit register for signal <Output>.
    Summary:
	inferred   8 D-type flip-flop(s).
Unit <Reg_8bit> synthesized.


Synthesizing Unit <Register_2bit>.
    Related source file is "C:/Users/Bruger/Documents/Atmel Studio/7.0/3ugers_06.06.19/3-Ugers-Sommer-2019/waveform_generator_v3/Register_2bit.vhd".
    Found 2-bit register for signal <Output>.
    Summary:
	inferred   2 D-type flip-flop(s).
Unit <Register_2bit> synthesized.


Synthesizing Unit <NY_Controler>.
    Related source file is "C:/Users/Bruger/Documents/Atmel Studio/7.0/3ugers_06.06.19/3-Ugers-Sommer-2019/waveform_generator_v3/NY_Controler.vhd".
Unit <NY_Controler> synthesized.


=========================================================================
HDL Synthesis Report

Macro Statistics
# Registers                                            : 9
 1-bit register                                        : 2
 2-bit register                                        : 1
 8-bit register                                        : 6
# Comparators                                          : 1
 8-bit comparator equal                                : 1
# Xors                                                 : 8
 1-bit xor3                                            : 8

=========================================================================

=========================================================================
*                       Advanced HDL Synthesis                          *
=========================================================================

Analyzing FSM <FSM_0> for best encoding.
Optimizing FSM <U2/State/FSM> on signal <State[1:5]> with one-hot encoding.
---------------------
 State   | Encoding
---------------------
 sync    | 00001
 shapes  | 00010
 ampls   | 00100
 freqs   | 01000
 cntsums | 10000
---------------------

=========================================================================
Advanced HDL Synthesis Report

Macro Statistics
# FSMs                                                 : 1
# Registers                                            : 52
 Flip-Flops                                            : 52
# Comparators                                          : 1
 8-bit comparator equal                                : 1
# Xors                                                 : 8
 1-bit xor3                                            : 8

=========================================================================

=========================================================================
*                         Low Level Synthesis                           *
=========================================================================

Optimizing unit <NY_Controler> ...

Optimizing unit <Shift_Reg> ...

Optimizing unit <Tilstandsmaskine> ...

Optimizing unit <Reg_8bit> ...

Mapping all equations...
Building and optimizing final netlist ...
Found area constraint ratio of 100 (+ 5) on block NY_Controler, actual ratio is 4.

Final Macro Processing ...

=========================================================================
Final Register Report

Macro Statistics
# Registers                                            : 57
 Flip-Flops                                            : 57

=========================================================================

=========================================================================
*                           Partition Report                            *
=========================================================================

Partition Implementation Status
-------------------------------

  No Partitions were found in this design.

-------------------------------

=========================================================================
*                            Final Report                               *
=========================================================================
Final Results
RTL Top Level Output File Name     : NY_Controler.ngr
Top Level Output File Name         : NY_Controler
Output Format                      : NGC
Optimization Goal                  : Speed
Keep Hierarchy                     : No

Design Statistics
# IOs                              : 25

Cell Usage :
# BELS                             : 24
#      INV                         : 1
#      LUT2                        : 2
#      LUT3                        : 7
#      LUT3_L                      : 3
#      LUT4                        : 9
#      LUT4_L                      : 1
#      VCC                         : 1
# FlipFlops/Latches                : 57
#      FD                          : 2
#      FDCE                        : 54
#      FDPE                        : 1
# Clock Buffers                    : 2
#      BUFGP                       : 2
# IO Buffers                       : 23
#      IBUF                        : 3
#      OBUF                        : 20
=========================================================================

Device utilization summary:
---------------------------

Selected Device : 3s100ecp132-4 

 Number of Slices:                       37  out of    960     3%  
 Number of Slice Flip Flops:             57  out of   1920     2%  
 Number of 4 input LUTs:                 23  out of   1920     1%  
 Number of IOs:                          25
 Number of bonded IOBs:                  25  out of     83    30%  
 Number of GCLKs:                         2  out of     24     8%  

---------------------------
Partition Resource Summary:
---------------------------

  No Partitions were found in this design.

---------------------------


=========================================================================
TIMING REPORT

NOTE: THESE TIMING NUMBERS ARE ONLY A SYNTHESIS ESTIMATE.
      FOR ACCURATE TIMING INFORMATION PLEASE REFER TO THE TRACE REPORT
      GENERATED AFTER PLACE-and-ROUTE.

Clock Information:
------------------
-----------------------------------+------------------------+-------+
Clock Signal                       | Clock buffer(FF name)  | Load  |
-----------------------------------+------------------------+-------+
Clk                                | BUFGP                  | 49    |
Sck                                | BUFGP                  | 8     |
-----------------------------------+------------------------+-------+

Asynchronous Control Signals Information:
----------------------------------------
-----------------------------------+------------------------+-------+
Control Signal                     | Buffer(FF name)        | Load  |
-----------------------------------+------------------------+-------+
Reset                              | IBUF                   | 55    |
-----------------------------------+------------------------+-------+

Timing Summary:
---------------
Speed Grade: -4

   Minimum period: 5.984ns (Maximum Frequency: 167.112MHz)
   Minimum input arrival time before clock: 3.681ns
   Maximum output required time after clock: 8.701ns
   Maximum combinational path delay: No path found

Timing Detail:
--------------
All values displayed in nanoseconds (ns)

=========================================================================
Timing constraint: Default period analysis for Clock 'Clk'
  Clock period: 5.984ns (frequency: 167.112MHz)
  Total number of paths / destination ports: 593 / 71
-------------------------------------------------------------------------
Delay:               5.984ns (Levels of Logic = 3)
  Source:            U4_preAmpl/Output_0 (FF)
  Destination:       U6_Shape/Output_1 (FF)
  Source Clock:      Clk rising
  Destination Clock: Clk rising

  Data Path: U4_preAmpl/Output_0 to U6_Shape/Output_1
                                Gate     Net
    Cell:in->out      fanout   Delay   Delay  Logical Name (Net Name)
    ----------------------------------------  ------------
     FDCE:C->Q             2   0.591   0.622  U4_preAmpl/Output_0 (U4_preAmpl/Output_0)
     LUT3:I0->O            1   0.704   0.424  U2/Mxor_AllEn_xor0007_xo<0>1 (U2/AllEn_xor0007)
     LUT4:I3->O            1   0.704   0.595  U2/AllEn26 (U2/AllEn26)
     LUT4:I0->O           19   0.704   1.085  U2/AllEn158 (Hndshk_OBUF)
     FDCE:CE                   0.555          U6_Shape/Output_0
    ----------------------------------------
    Total                      5.984ns (3.258ns logic, 2.726ns route)
                                       (54.4% logic, 45.6% route)

=========================================================================
Timing constraint: Default period analysis for Clock 'Sck'
  Clock period: 1.568ns (frequency: 637.755MHz)
  Total number of paths / destination ports: 7 / 7
-------------------------------------------------------------------------
Delay:               1.568ns (Levels of Logic = 0)
  Source:            U0/SW_sig_6 (FF)
  Destination:       U0/SW_sig_7 (FF)
  Source Clock:      Sck rising
  Destination Clock: Sck rising

  Data Path: U0/SW_sig_6 to U0/SW_sig_7
                                Gate     Net
    Cell:in->out      fanout   Delay   Delay  Logical Name (Net Name)
    ----------------------------------------  ------------
     FDCE:C->Q             6   0.591   0.669  U0/SW_sig_6 (U0/SW_sig_6)
     FDCE:D                    0.308          U0/SW_sig_7
    ----------------------------------------
    Total                      1.568ns (0.899ns logic, 0.669ns route)
                                       (57.3% logic, 42.7% route)

=========================================================================
Timing constraint: Default OFFSET IN BEFORE for Clock 'Clk'
  Total number of paths / destination ports: 1 / 1
-------------------------------------------------------------------------
Offset:              1.973ns (Levels of Logic = 1)
  Source:            SS (PAD)
  Destination:       U1/flag (FF)
  Destination Clock: Clk rising

  Data Path: SS to U1/flag
                                Gate     Net
    Cell:in->out      fanout   Delay   Delay  Logical Name (Net Name)
    ----------------------------------------  ------------
     IBUF:I->O             2   1.218   0.447  SS_IBUF (SS_IBUF)
     FD:D                      0.308          U1/flag
    ----------------------------------------
    Total                      1.973ns (1.526ns logic, 0.447ns route)
                                       (77.3% logic, 22.7% route)

=========================================================================
Timing constraint: Default OFFSET IN BEFORE for Clock 'Sck'
  Total number of paths / destination ports: 9 / 9
-------------------------------------------------------------------------
Offset:              3.681ns (Levels of Logic = 2)
  Source:            SS (PAD)
  Destination:       U0/SW_sig_7 (FF)
  Destination Clock: Sck rising

  Data Path: SS to U0/SW_sig_7
                                Gate     Net
    Cell:in->out      fanout   Delay   Delay  Logical Name (Net Name)
    ----------------------------------------  ------------
     IBUF:I->O             2   1.218   0.447  SS_IBUF (SS_IBUF)
     INV:I->O              8   0.704   0.757  U0/SS_inv1_INV_0 (U0/SS_inv)
     FDCE:CE                   0.555          U0/SW_sig_0
    ----------------------------------------
    Total                      3.681ns (2.477ns logic, 1.204ns route)
                                       (67.3% logic, 32.7% route)

=========================================================================
Timing constraint: Default OFFSET OUT AFTER for Clock 'Sck'
  Total number of paths / destination ports: 8 / 1
-------------------------------------------------------------------------
Offset:              8.507ns (Levels of Logic = 4)
  Source:            U0/SW_sig_5 (FF)
  Destination:       Hndshk (PAD)
  Source Clock:      Sck rising

  Data Path: U0/SW_sig_5 to Hndshk
                                Gate     Net
    Cell:in->out      fanout   Delay   Delay  Logical Name (Net Name)
    ----------------------------------------  ------------
     FDCE:C->Q             6   0.591   0.844  U0/SW_sig_5 (U0/SW_sig_5)
     LUT4:I0->O            1   0.704   0.499  U2/AllEn129_SW0 (N01)
     LUT4_L:I1->LO         1   0.704   0.104  U2/AllEn130 (U2/AllEn130)
     LUT4:I3->O           19   0.704   1.085  U2/AllEn158 (Hndshk_OBUF)
     OBUF:I->O                 3.272          Hndshk_OBUF (Hndshk)
    ----------------------------------------
    Total                      8.507ns (5.975ns logic, 2.532ns route)
                                       (70.2% logic, 29.8% route)

=========================================================================
Timing constraint: Default OFFSET OUT AFTER for Clock 'Clk'
  Total number of paths / destination ports: 45 / 19
-------------------------------------------------------------------------
Offset:              8.701ns (Levels of Logic = 4)
  Source:            U4_preAmpl/Output_0 (FF)
  Destination:       Hndshk (PAD)
  Source Clock:      Clk rising

  Data Path: U4_preAmpl/Output_0 to Hndshk
                                Gate     Net
    Cell:in->out      fanout   Delay   Delay  Logical Name (Net Name)
    ----------------------------------------  ------------
     FDCE:C->Q             2   0.591   0.622  U4_preAmpl/Output_0 (U4_preAmpl/Output_0)
     LUT3:I0->O            1   0.704   0.424  U2/Mxor_AllEn_xor0007_xo<0>1 (U2/AllEn_xor0007)
     LUT4:I3->O            1   0.704   0.595  U2/AllEn26 (U2/AllEn26)
     LUT4:I0->O           19   0.704   1.085  U2/AllEn158 (Hndshk_OBUF)
     OBUF:I->O                 3.272          Hndshk_OBUF (Hndshk)
    ----------------------------------------
    Total                      8.701ns (5.975ns logic, 2.726ns route)
                                       (68.7% logic, 31.3% route)

=========================================================================


Total REAL time to Xst completion: 5.00 secs
Total CPU time to Xst completion: 5.06 secs
 
--> 

Total memory usage is 273468 kilobytes

Number of errors   :    0 (   0 filtered)
Number of warnings :    1 (   0 filtered)
Number of infos    :    0 (   0 filtered)

