Archive member included to satisfy reference by file (symbol)

c:/program files (x86)/atmel/studio/7.0/toolchain/avr8/avr8-gnu-toolchain/bin/../lib/gcc/avr/5.4.0/avr6\libgcc.a(_udivmodqi4.o)
                              main.o (__udivmodqi4)
c:/program files (x86)/atmel/studio/7.0/toolchain/avr8/avr8-gnu-toolchain/bin/../lib/gcc/avr/5.4.0/avr6\libgcc.a(_divmodsi4.o)
                              main.o (__divmodsi4)
c:/program files (x86)/atmel/studio/7.0/toolchain/avr8/avr8-gnu-toolchain/bin/../lib/gcc/avr/5.4.0/avr6\libgcc.a(_negsi2.o)
                              c:/program files (x86)/atmel/studio/7.0/toolchain/avr8/avr8-gnu-toolchain/bin/../lib/gcc/avr/5.4.0/avr6\libgcc.a(_divmodsi4.o) (__negsi2)
c:/program files (x86)/atmel/studio/7.0/toolchain/avr8/avr8-gnu-toolchain/bin/../lib/gcc/avr/5.4.0/avr6\libgcc.a(_exit.o)
                              C:/Program Files (x86)/Atmel/Studio/7.0/Packs/atmel/ATmega_DFP/1.2.209/gcc/dev/atmega2560/avr6/crtatmega2560.o (exit)
c:/program files (x86)/atmel/studio/7.0/toolchain/avr8/avr8-gnu-toolchain/bin/../lib/gcc/avr/5.4.0/avr6\libgcc.a(_copy_data.o)
                              main.o (__do_copy_data)
c:/program files (x86)/atmel/studio/7.0/toolchain/avr8/avr8-gnu-toolchain/bin/../lib/gcc/avr/5.4.0/avr6\libgcc.a(_clear_bss.o)
                              I2C.o (__do_clear_bss)
c:/program files (x86)/atmel/studio/7.0/toolchain/avr8/avr8-gnu-toolchain/bin/../lib/gcc/avr/5.4.0/avr6\libgcc.a(_udivmodsi4.o)
                              c:/program files (x86)/atmel/studio/7.0/toolchain/avr8/avr8-gnu-toolchain/bin/../lib/gcc/avr/5.4.0/avr6\libgcc.a(_divmodsi4.o) (__udivmodsi4)

Allocating common symbols
Common symbol       size              file

Bodeplot_Send       0x106             main.o
read_addres         0x1               I2C.o
j                   0x1               main.o
x                   0x2               main.o
adc_buffer1         0x3e8             main.o
record_length3      0x2               main.o
display_buffer      0x400             main.o
sample_rate         0x1               main.o
length              0x2               main.o
Amplitude_min       0x1               main.o
Amplitude_max       0x1               main.o
Amplitude_Bodeplot  0x1               main.o
flagADC             0x1               main.o
data_return         0xb               main.o
sample_rate2        0x1               main.o
adc_buffer2         0x3e8             main.o
record_length       0x2               main.o
write_address       0x1               I2C.o
record_length2      0x2               main.o
Bodeplot_Array      0xff              main.o
sample_rate3        0x2               main.o
Amplitude_ref       0x1               main.o
data_buffer         0xb               main.o
Sample              0x1               main.o

Discarded input sections

 .data          0x00000000        0x0 C:/Program Files (x86)/Atmel/Studio/7.0/Packs/atmel/ATmega_DFP/1.2.209/gcc/dev/atmega2560/avr6/crtatmega2560.o
 .bss           0x00000000        0x0 C:/Program Files (x86)/Atmel/Studio/7.0/Packs/atmel/ATmega_DFP/1.2.209/gcc/dev/atmega2560/avr6/crtatmega2560.o
 .text          0x00000000        0x0 adc.o
 .data          0x00000000        0x0 adc.o
 .bss           0x00000000        0x0 adc.o
 .text          0x00000000        0x0 I2C.o
 .data          0x00000000        0x0 I2C.o
 .bss           0x00000000        0x0 I2C.o
 .text.I2C_Repeated_Start
                0x00000000       0x4c I2C.o
 .text.I2C_Read_Ack
                0x00000000       0x16 I2C.o
 .text.I2C_Read_Nack
                0x00000000       0x16 I2C.o
 COMMON         0x00000000        0x2 I2C.o
 .text          0x00000000        0x0 main.o
 .data          0x00000000        0x0 main.o
 .bss           0x00000000        0x0 main.o
 .bss.adc_send_done
                0x00000000        0x1 main.o
 .text          0x00000000        0x0 SPI.o
 .data          0x00000000        0x0 SPI.o
 .bss           0x00000000        0x0 SPI.o
 .text          0x00000000        0x0 ssd1306.o
 .data          0x00000000        0x0 ssd1306.o
 .bss           0x00000000        0x0 ssd1306.o
 .text.ssd1306_data
                0x00000000       0x28 ssd1306.o
 .text.setColAddress
                0x00000000       0x14 ssd1306.o
 .text.setPageAddress
                0x00000000       0x14 ssd1306.o
 .text.printBigNumber
                0x00000000       0x8e ssd1306.o
 .text.printBigTime
                0x00000000       0x72 ssd1306.o
 .text.sendCharXY
                0x00000000       0x62 ssd1306.o
 .text.sendStr  0x00000000       0x58 ssd1306.o
 .text.ssd1306_setpos
                0x00000000       0x1c ssd1306.o
 .text.print_fonts
                0x00000000       0x6a ssd1306.o
 .text.ssd1306_draw_bmp
                0x00000000       0x8c ssd1306.o
 .text.invertDisplay
                0x00000000       0x14 ssd1306.o
 .text.startscrollright
                0x00000000       0x3e ssd1306.o
 .text.startscrollleft
                0x00000000       0x3e ssd1306.o
 .text.startscrolldiagright
                0x00000000       0x4a ssd1306.o
 .text.startscrolldiagleft
                0x00000000       0x4a ssd1306.o
 .text.stopscroll
                0x00000000        0x8 ssd1306.o
 .text.dim      0x00000000       0x1c ssd1306.o
 .progmem.data.myDregree
                0x00000000        0x8 ssd1306.o
 .progmem.data.minus
                0x00000000       0x60 ssd1306.o
 .progmem.data.bigNumbers
                0x00000000      0x420 ssd1306.o
 .text          0x00000000        0x0 uart.o
 .data          0x00000000        0x0 uart.o
 .bss           0x00000000        0x0 uart.o
 .text.getchUSART1
                0x00000000       0x10 uart.o
 .text.putchUSART0
                0x00000000       0x10 uart.o
 .text.getsUSART1
                0x00000000       0x44 uart.o
 .text.putsUSART0
                0x00000000       0x38 uart.o
 .text          0x00000000        0x0 c:/program files (x86)/atmel/studio/7.0/toolchain/avr8/avr8-gnu-toolchain/bin/../lib/gcc/avr/5.4.0/avr6\libgcc.a(_udivmodqi4.o)
 .data          0x00000000        0x0 c:/program files (x86)/atmel/studio/7.0/toolchain/avr8/avr8-gnu-toolchain/bin/../lib/gcc/avr/5.4.0/avr6\libgcc.a(_udivmodqi4.o)
 .bss           0x00000000        0x0 c:/program files (x86)/atmel/studio/7.0/toolchain/avr8/avr8-gnu-toolchain/bin/../lib/gcc/avr/5.4.0/avr6\libgcc.a(_udivmodqi4.o)
 .text.libgcc.mul
                0x00000000        0x0 c:/program files (x86)/atmel/studio/7.0/toolchain/avr8/avr8-gnu-toolchain/bin/../lib/gcc/avr/5.4.0/avr6\libgcc.a(_udivmodqi4.o)
 .text.libgcc   0x00000000        0x0 c:/program files (x86)/atmel/studio/7.0/toolchain/avr8/avr8-gnu-toolchain/bin/../lib/gcc/avr/5.4.0/avr6\libgcc.a(_udivmodqi4.o)
 .text.libgcc.prologue
                0x00000000        0x0 c:/program files (x86)/atmel/studio/7.0/toolchain/avr8/avr8-gnu-toolchain/bin/../lib/gcc/avr/5.4.0/avr6\libgcc.a(_udivmodqi4.o)
 .text.libgcc.builtins
                0x00000000        0x0 c:/program files (x86)/atmel/studio/7.0/toolchain/avr8/avr8-gnu-toolchain/bin/../lib/gcc/avr/5.4.0/avr6\libgcc.a(_udivmodqi4.o)
 .text.libgcc.fmul
                0x00000000        0x0 c:/program files (x86)/atmel/studio/7.0/toolchain/avr8/avr8-gnu-toolchain/bin/../lib/gcc/avr/5.4.0/avr6\libgcc.a(_udivmodqi4.o)
 .text.libgcc.fixed
                0x00000000        0x0 c:/program files (x86)/atmel/studio/7.0/toolchain/avr8/avr8-gnu-toolchain/bin/../lib/gcc/avr/5.4.0/avr6\libgcc.a(_udivmodqi4.o)
 .text          0x00000000        0x0 c:/program files (x86)/atmel/studio/7.0/toolchain/avr8/avr8-gnu-toolchain/bin/../lib/gcc/avr/5.4.0/avr6\libgcc.a(_divmodsi4.o)
 .data          0x00000000        0x0 c:/program files (x86)/atmel/studio/7.0/toolchain/avr8/avr8-gnu-toolchain/bin/../lib/gcc/avr/5.4.0/avr6\libgcc.a(_divmodsi4.o)
 .bss           0x00000000        0x0 c:/program files (x86)/atmel/studio/7.0/toolchain/avr8/avr8-gnu-toolchain/bin/../lib/gcc/avr/5.4.0/avr6\libgcc.a(_divmodsi4.o)
 .text.libgcc.mul
                0x00000000        0x0 c:/program files (x86)/atmel/studio/7.0/toolchain/avr8/avr8-gnu-toolchain/bin/../lib/gcc/avr/5.4.0/avr6\libgcc.a(_divmodsi4.o)
 .text.libgcc   0x00000000        0x0 c:/program files (x86)/atmel/studio/7.0/toolchain/avr8/avr8-gnu-toolchain/bin/../lib/gcc/avr/5.4.0/avr6\libgcc.a(_divmodsi4.o)
 .text.libgcc.prologue
                0x00000000        0x0 c:/program files (x86)/atmel/studio/7.0/toolchain/avr8/avr8-gnu-toolchain/bin/../lib/gcc/avr/5.4.0/avr6\libgcc.a(_divmodsi4.o)
 .text.libgcc.builtins
                0x00000000        0x0 c:/program files (x86)/atmel/studio/7.0/toolchain/avr8/avr8-gnu-toolchain/bin/../lib/gcc/avr/5.4.0/avr6\libgcc.a(_divmodsi4.o)
 .text.libgcc.fmul
                0x00000000        0x0 c:/program files (x86)/atmel/studio/7.0/toolchain/avr8/avr8-gnu-toolchain/bin/../lib/gcc/avr/5.4.0/avr6\libgcc.a(_divmodsi4.o)
 .text.libgcc.fixed
                0x00000000        0x0 c:/program files (x86)/atmel/studio/7.0/toolchain/avr8/avr8-gnu-toolchain/bin/../lib/gcc/avr/5.4.0/avr6\libgcc.a(_divmodsi4.o)
 .text          0x00000000        0x0 c:/program files (x86)/atmel/studio/7.0/toolchain/avr8/avr8-gnu-toolchain/bin/../lib/gcc/avr/5.4.0/avr6\libgcc.a(_negsi2.o)
 .data          0x00000000        0x0 c:/program files (x86)/atmel/studio/7.0/toolchain/avr8/avr8-gnu-toolchain/bin/../lib/gcc/avr/5.4.0/avr6\libgcc.a(_negsi2.o)
 .bss           0x00000000        0x0 c:/program files (x86)/atmel/studio/7.0/toolchain/avr8/avr8-gnu-toolchain/bin/../lib/gcc/avr/5.4.0/avr6\libgcc.a(_negsi2.o)
 .text.libgcc.mul
                0x00000000        0x0 c:/program files (x86)/atmel/studio/7.0/toolchain/avr8/avr8-gnu-toolchain/bin/../lib/gcc/avr/5.4.0/avr6\libgcc.a(_negsi2.o)
 .text.libgcc   0x00000000        0x0 c:/program files (x86)/atmel/studio/7.0/toolchain/avr8/avr8-gnu-toolchain/bin/../lib/gcc/avr/5.4.0/avr6\libgcc.a(_negsi2.o)
 .text.libgcc.prologue
                0x00000000        0x0 c:/program files (x86)/atmel/studio/7.0/toolchain/avr8/avr8-gnu-toolchain/bin/../lib/gcc/avr/5.4.0/avr6\libgcc.a(_negsi2.o)
 .text.libgcc.builtins
                0x00000000        0x0 c:/program files (x86)/atmel/studio/7.0/toolchain/avr8/avr8-gnu-toolchain/bin/../lib/gcc/avr/5.4.0/avr6\libgcc.a(_negsi2.o)
 .text.libgcc.fmul
                0x00000000        0x0 c:/program files (x86)/atmel/studio/7.0/toolchain/avr8/avr8-gnu-toolchain/bin/../lib/gcc/avr/5.4.0/avr6\libgcc.a(_negsi2.o)
 .text.libgcc.fixed
                0x00000000        0x0 c:/program files (x86)/atmel/studio/7.0/toolchain/avr8/avr8-gnu-toolchain/bin/../lib/gcc/avr/5.4.0/avr6\libgcc.a(_negsi2.o)
 .text          0x00000000        0x0 c:/program files (x86)/atmel/studio/7.0/toolchain/avr8/avr8-gnu-toolchain/bin/../lib/gcc/avr/5.4.0/avr6\libgcc.a(_exit.o)
 .data          0x00000000        0x0 c:/program files (x86)/atmel/studio/7.0/toolchain/avr8/avr8-gnu-toolchain/bin/../lib/gcc/avr/5.4.0/avr6\libgcc.a(_exit.o)
 .bss           0x00000000        0x0 c:/program files (x86)/atmel/studio/7.0/toolchain/avr8/avr8-gnu-toolchain/bin/../lib/gcc/avr/5.4.0/avr6\libgcc.a(_exit.o)
 .text.libgcc.mul
                0x00000000        0x0 c:/program files (x86)/atmel/studio/7.0/toolchain/avr8/avr8-gnu-toolchain/bin/../lib/gcc/avr/5.4.0/avr6\libgcc.a(_exit.o)
 .text.libgcc.div
                0x00000000        0x0 c:/program files (x86)/atmel/studio/7.0/toolchain/avr8/avr8-gnu-toolchain/bin/../lib/gcc/avr/5.4.0/avr6\libgcc.a(_exit.o)
 .text.libgcc   0x00000000        0x0 c:/program files (x86)/atmel/studio/7.0/toolchain/avr8/avr8-gnu-toolchain/bin/../lib/gcc/avr/5.4.0/avr6\libgcc.a(_exit.o)
 .text.libgcc.prologue
                0x00000000        0x0 c:/program files (x86)/atmel/studio/7.0/toolchain/avr8/avr8-gnu-toolchain/bin/../lib/gcc/avr/5.4.0/avr6\libgcc.a(_exit.o)
 .text.libgcc.builtins
                0x00000000        0x0 c:/program files (x86)/atmel/studio/7.0/toolchain/avr8/avr8-gnu-toolchain/bin/../lib/gcc/avr/5.4.0/avr6\libgcc.a(_exit.o)
 .text.libgcc.fmul
                0x00000000        0x0 c:/program files (x86)/atmel/studio/7.0/toolchain/avr8/avr8-gnu-toolchain/bin/../lib/gcc/avr/5.4.0/avr6\libgcc.a(_exit.o)
 .text.libgcc.fixed
                0x00000000        0x0 c:/program files (x86)/atmel/studio/7.0/toolchain/avr8/avr8-gnu-toolchain/bin/../lib/gcc/avr/5.4.0/avr6\libgcc.a(_exit.o)
 .text          0x00000000        0x0 c:/program files (x86)/atmel/studio/7.0/toolchain/avr8/avr8-gnu-toolchain/bin/../lib/gcc/avr/5.4.0/avr6\libgcc.a(_copy_data.o)
 .data          0x00000000        0x0 c:/program files (x86)/atmel/studio/7.0/toolchain/avr8/avr8-gnu-toolchain/bin/../lib/gcc/avr/5.4.0/avr6\libgcc.a(_copy_data.o)
 .bss           0x00000000        0x0 c:/program files (x86)/atmel/studio/7.0/toolchain/avr8/avr8-gnu-toolchain/bin/../lib/gcc/avr/5.4.0/avr6\libgcc.a(_copy_data.o)
 .text.libgcc.mul
                0x00000000        0x0 c:/program files (x86)/atmel/studio/7.0/toolchain/avr8/avr8-gnu-toolchain/bin/../lib/gcc/avr/5.4.0/avr6\libgcc.a(_copy_data.o)
 .text.libgcc.div
                0x00000000        0x0 c:/program files (x86)/atmel/studio/7.0/toolchain/avr8/avr8-gnu-toolchain/bin/../lib/gcc/avr/5.4.0/avr6\libgcc.a(_copy_data.o)
 .text.libgcc   0x00000000        0x0 c:/program files (x86)/atmel/studio/7.0/toolchain/avr8/avr8-gnu-toolchain/bin/../lib/gcc/avr/5.4.0/avr6\libgcc.a(_copy_data.o)
 .text.libgcc.prologue
                0x00000000        0x0 c:/program files (x86)/atmel/studio/7.0/toolchain/avr8/avr8-gnu-toolchain/bin/../lib/gcc/avr/5.4.0/avr6\libgcc.a(_copy_data.o)
 .text.libgcc.builtins
                0x00000000        0x0 c:/program files (x86)/atmel/studio/7.0/toolchain/avr8/avr8-gnu-toolchain/bin/../lib/gcc/avr/5.4.0/avr6\libgcc.a(_copy_data.o)
 .text.libgcc.fmul
                0x00000000        0x0 c:/program files (x86)/atmel/studio/7.0/toolchain/avr8/avr8-gnu-toolchain/bin/../lib/gcc/avr/5.4.0/avr6\libgcc.a(_copy_data.o)
 .text.libgcc.fixed
                0x00000000        0x0 c:/program files (x86)/atmel/studio/7.0/toolchain/avr8/avr8-gnu-toolchain/bin/../lib/gcc/avr/5.4.0/avr6\libgcc.a(_copy_data.o)
 .text          0x00000000        0x0 c:/program files (x86)/atmel/studio/7.0/toolchain/avr8/avr8-gnu-toolchain/bin/../lib/gcc/avr/5.4.0/avr6\libgcc.a(_clear_bss.o)
 .data          0x00000000        0x0 c:/program files (x86)/atmel/studio/7.0/toolchain/avr8/avr8-gnu-toolchain/bin/../lib/gcc/avr/5.4.0/avr6\libgcc.a(_clear_bss.o)
 .bss           0x00000000        0x0 c:/program files (x86)/atmel/studio/7.0/toolchain/avr8/avr8-gnu-toolchain/bin/../lib/gcc/avr/5.4.0/avr6\libgcc.a(_clear_bss.o)
 .text.libgcc.mul
                0x00000000        0x0 c:/program files (x86)/atmel/studio/7.0/toolchain/avr8/avr8-gnu-toolchain/bin/../lib/gcc/avr/5.4.0/avr6\libgcc.a(_clear_bss.o)
 .text.libgcc.div
                0x00000000        0x0 c:/program files (x86)/atmel/studio/7.0/toolchain/avr8/avr8-gnu-toolchain/bin/../lib/gcc/avr/5.4.0/avr6\libgcc.a(_clear_bss.o)
 .text.libgcc   0x00000000        0x0 c:/program files (x86)/atmel/studio/7.0/toolchain/avr8/avr8-gnu-toolchain/bin/../lib/gcc/avr/5.4.0/avr6\libgcc.a(_clear_bss.o)
 .text.libgcc.prologue
                0x00000000        0x0 c:/program files (x86)/atmel/studio/7.0/toolchain/avr8/avr8-gnu-toolchain/bin/../lib/gcc/avr/5.4.0/avr6\libgcc.a(_clear_bss.o)
 .text.libgcc.builtins
                0x00000000        0x0 c:/program files (x86)/atmel/studio/7.0/toolchain/avr8/avr8-gnu-toolchain/bin/../lib/gcc/avr/5.4.0/avr6\libgcc.a(_clear_bss.o)
 .text.libgcc.fmul
                0x00000000        0x0 c:/program files (x86)/atmel/studio/7.0/toolchain/avr8/avr8-gnu-toolchain/bin/../lib/gcc/avr/5.4.0/avr6\libgcc.a(_clear_bss.o)
 .text.libgcc.fixed
                0x00000000        0x0 c:/program files (x86)/atmel/studio/7.0/toolchain/avr8/avr8-gnu-toolchain/bin/../lib/gcc/avr/5.4.0/avr6\libgcc.a(_clear_bss.o)
 .text          0x00000000        0x0 c:/program files (x86)/atmel/studio/7.0/toolchain/avr8/avr8-gnu-toolchain/bin/../lib/gcc/avr/5.4.0/avr6\libgcc.a(_udivmodsi4.o)
 .data          0x00000000        0x0 c:/program files (x86)/atmel/studio/7.0/toolchain/avr8/avr8-gnu-toolchain/bin/../lib/gcc/avr/5.4.0/avr6\libgcc.a(_udivmodsi4.o)
 .bss           0x00000000        0x0 c:/program files (x86)/atmel/studio/7.0/toolchain/avr8/avr8-gnu-toolchain/bin/../lib/gcc/avr/5.4.0/avr6\libgcc.a(_udivmodsi4.o)
 .text.libgcc.mul
                0x00000000        0x0 c:/program files (x86)/atmel/studio/7.0/toolchain/avr8/avr8-gnu-toolchain/bin/../lib/gcc/avr/5.4.0/avr6\libgcc.a(_udivmodsi4.o)
 .text.libgcc   0x00000000        0x0 c:/program files (x86)/atmel/studio/7.0/toolchain/avr8/avr8-gnu-toolchain/bin/../lib/gcc/avr/5.4.0/avr6\libgcc.a(_udivmodsi4.o)
 .text.libgcc.prologue
                0x00000000        0x0 c:/program files (x86)/atmel/studio/7.0/toolchain/avr8/avr8-gnu-toolchain/bin/../lib/gcc/avr/5.4.0/avr6\libgcc.a(_udivmodsi4.o)
 .text.libgcc.builtins
                0x00000000        0x0 c:/program files (x86)/atmel/studio/7.0/toolchain/avr8/avr8-gnu-toolchain/bin/../lib/gcc/avr/5.4.0/avr6\libgcc.a(_udivmodsi4.o)
 .text.libgcc.fmul
                0x00000000        0x0 c:/program files (x86)/atmel/studio/7.0/toolchain/avr8/avr8-gnu-toolchain/bin/../lib/gcc/avr/5.4.0/avr6\libgcc.a(_udivmodsi4.o)
 .text.libgcc.fixed
                0x00000000        0x0 c:/program files (x86)/atmel/studio/7.0/toolchain/avr8/avr8-gnu-toolchain/bin/../lib/gcc/avr/5.4.0/avr6\libgcc.a(_udivmodsi4.o)

Memory Configuration

Name             Origin             Length             Attributes
text             0x00000000         0x00100000         xr
data             0x00800200         0x0000fe00         rw !x
eeprom           0x00810000         0x00010000         rw !x
fuse             0x00820000         0x00000003         rw !x
lock             0x00830000         0x00000400         rw !x
signature        0x00840000         0x00000400         rw !x
user_signatures  0x00850000         0x00000400         rw !x
*default*        0x00000000         0xffffffff

Linker script and memory map

Address of section .data set to 0x800200
LOAD C:/Program Files (x86)/Atmel/Studio/7.0/Packs/atmel/ATmega_DFP/1.2.209/gcc/dev/atmega2560/avr6/crtatmega2560.o
LOAD adc.o
LOAD I2C.o
LOAD main.o
LOAD SPI.o
LOAD ssd1306.o
LOAD uart.o
START GROUP
LOAD c:/program files (x86)/atmel/studio/7.0/toolchain/avr8/avr8-gnu-toolchain/bin/../lib/gcc/avr/5.4.0/../../../../avr/lib/avr6\libm.a
END GROUP
START GROUP
LOAD c:/program files (x86)/atmel/studio/7.0/toolchain/avr8/avr8-gnu-toolchain/bin/../lib/gcc/avr/5.4.0/avr6\libgcc.a
LOAD c:/program files (x86)/atmel/studio/7.0/toolchain/avr8/avr8-gnu-toolchain/bin/../lib/gcc/avr/5.4.0/../../../../avr/lib/avr6\libm.a
LOAD c:/program files (x86)/atmel/studio/7.0/toolchain/avr8/avr8-gnu-toolchain/bin/../lib/gcc/avr/5.4.0/../../../../avr/lib/avr6\libc.a
LOAD C:/Program Files (x86)/Atmel/Studio/7.0/Packs/atmel/ATmega_DFP/1.2.209/gcc/dev/atmega2560/avr6\libatmega2560.a
END GROUP
                0x00100000                __TEXT_REGION_LENGTH__ = DEFINED (__TEXT_REGION_LENGTH__)?__TEXT_REGION_LENGTH__:0x100000
                0x0000fe00                __DATA_REGION_LENGTH__ = DEFINED (__DATA_REGION_LENGTH__)?__DATA_REGION_LENGTH__:0xfe00
                0x00010000                __EEPROM_REGION_LENGTH__ = DEFINED (__EEPROM_REGION_LENGTH__)?__EEPROM_REGION_LENGTH__:0x10000
                [0x00000003]                __FUSE_REGION_LENGTH__ = DEFINED (__FUSE_REGION_LENGTH__)?__FUSE_REGION_LENGTH__:0x400
                0x00000400                __LOCK_REGION_LENGTH__ = DEFINED (__LOCK_REGION_LENGTH__)?__LOCK_REGION_LENGTH__:0x400
                0x00000400                __SIGNATURE_REGION_LENGTH__ = DEFINED (__SIGNATURE_REGION_LENGTH__)?__SIGNATURE_REGION_LENGTH__:0x400
                0x00000400                __USER_SIGNATURE_REGION_LENGTH__ = DEFINED (__USER_SIGNATURE_REGION_LENGTH__)?__USER_SIGNATURE_REGION_LENGTH__:0x400

.hash
 *(.hash)

.dynsym
 *(.dynsym)

.dynstr
 *(.dynstr)

.gnu.version
 *(.gnu.version)

.gnu.version_d
 *(.gnu.version_d)

.gnu.version_r
 *(.gnu.version_r)

.rel.init
 *(.rel.init)

.rela.init
 *(.rela.init)

.rel.text
 *(.rel.text)
 *(.rel.text.*)
 *(.rel.gnu.linkonce.t*)

.rela.text
 *(.rela.text)
 *(.rela.text.*)
 *(.rela.gnu.linkonce.t*)

.rel.fini
 *(.rel.fini)

.rela.fini
 *(.rela.fini)

.rel.rodata
 *(.rel.rodata)
 *(.rel.rodata.*)
 *(.rel.gnu.linkonce.r*)

.rela.rodata
 *(.rela.rodata)
 *(.rela.rodata.*)
 *(.rela.gnu.linkonce.r*)

.rel.data
 *(.rel.data)
 *(.rel.data.*)
 *(.rel.gnu.linkonce.d*)

.rela.data
 *(.rela.data)
 *(.rela.data.*)
 *(.rela.gnu.linkonce.d*)

.rel.ctors
 *(.rel.ctors)

.rela.ctors
 *(.rela.ctors)

.rel.dtors
 *(.rel.dtors)

.rela.dtors
 *(.rela.dtors)

.rel.got
 *(.rel.got)

.rela.got
 *(.rela.got)

.rel.bss
 *(.rel.bss)

.rela.bss
 *(.rela.bss)

.rel.plt
 *(.rel.plt)

.rela.plt
 *(.rela.plt)

.text           0x00000000      0xe20
 *(.vectors)
 .vectors       0x00000000       0xe4 C:/Program Files (x86)/Atmel/Studio/7.0/Packs/atmel/ATmega_DFP/1.2.209/gcc/dev/atmega2560/avr6/crtatmega2560.o
                0x00000000                __vector_default
                0x00000000                __vectors
 *(.vectors)
 *(.progmem.gcc*)
                0x000000e4                . = ALIGN (0x2)
                0x000000e4                __trampolines_start = .
 *(.trampolines)
 .trampolines   0x000000e4        0x0 linker stubs
 *(.trampolines*)
                0x000000e4                __trampolines_end = .
 *libprintf_flt.a:*(.progmem.data)
 *libc.a:*(.progmem.data)
 *(.progmem*)
 .progmem.data.myFont
                0x000000e4      0x300 ssd1306.o
                0x000000e4                myFont
                0x000003e4                . = ALIGN (0x2)
 *(.jumptables)
 *(.jumptables*)
 *(.lowtext)
 *(.lowtext*)
                0x000003e4                __ctors_start = .
 *(.ctors)
                0x000003e4                __ctors_end = .
                0x000003e4                __dtors_start = .
 *(.dtors)
                0x000003e4                __dtors_end = .
 SORT(*)(.ctors)
 SORT(*)(.dtors)
 *(.init0)
 .init0         0x000003e4        0x0 C:/Program Files (x86)/Atmel/Studio/7.0/Packs/atmel/ATmega_DFP/1.2.209/gcc/dev/atmega2560/avr6/crtatmega2560.o
                0x000003e4                __init
 *(.init0)
 *(.init1)
 *(.init1)
 *(.init2)
 .init2         0x000003e4       0x10 C:/Program Files (x86)/Atmel/Studio/7.0/Packs/atmel/ATmega_DFP/1.2.209/gcc/dev/atmega2560/avr6/crtatmega2560.o
 *(.init2)
 *(.init3)
 *(.init3)
 *(.init4)
 .init4         0x000003f4       0x1a c:/program files (x86)/atmel/studio/7.0/toolchain/avr8/avr8-gnu-toolchain/bin/../lib/gcc/avr/5.4.0/avr6\libgcc.a(_copy_data.o)
                0x000003f4                __do_copy_data
 .init4         0x0000040e       0x10 c:/program files (x86)/atmel/studio/7.0/toolchain/avr8/avr8-gnu-toolchain/bin/../lib/gcc/avr/5.4.0/avr6\libgcc.a(_clear_bss.o)
                0x0000040e                __do_clear_bss
 *(.init4)
 *(.init5)
 *(.init5)
 *(.init6)
 *(.init6)
 *(.init7)
 *(.init7)
 *(.init8)
 *(.init8)
 *(.init9)
 .init9         0x0000041e        0x4 C:/Program Files (x86)/Atmel/Studio/7.0/Packs/atmel/ATmega_DFP/1.2.209/gcc/dev/atmega2560/avr6/crtatmega2560.o
 *(.init9)
 *(.text)
 .text          0x00000422        0x2 C:/Program Files (x86)/Atmel/Studio/7.0/Packs/atmel/ATmega_DFP/1.2.209/gcc/dev/atmega2560/avr6/crtatmega2560.o
                0x00000422                __vector_38
                0x00000422                __vector_22
                0x00000422                __vector_28
                0x00000422                __vector_1
                0x00000422                __vector_32
                0x00000422                __vector_34
                0x00000422                __vector_24
                0x00000422                __vector_12
                0x00000422                __vector_55
                0x00000422                __vector_46
                0x00000422                __bad_interrupt
                0x00000422                __vector_6
                0x00000422                __vector_31
                0x00000422                __vector_35
                0x00000422                __vector_39
                0x00000422                __vector_3
                0x00000422                __vector_23
                0x00000422                __vector_30
                0x00000422                __vector_45
                0x00000422                __vector_25
                0x00000422                __vector_11
                0x00000422                __vector_54
                0x00000422                __vector_13
                0x00000422                __vector_19
                0x00000422                __vector_56
                0x00000422                __vector_7
                0x00000422                __vector_49
                0x00000422                __vector_41
                0x00000422                __vector_43
                0x00000422                __vector_27
                0x00000422                __vector_5
                0x00000422                __vector_33
                0x00000422                __vector_47
                0x00000422                __vector_52
                0x00000422                __vector_37
                0x00000422                __vector_4
                0x00000422                __vector_44
                0x00000422                __vector_51
                0x00000422                __vector_9
                0x00000422                __vector_2
                0x00000422                __vector_21
                0x00000422                __vector_15
                0x00000422                __vector_40
                0x00000422                __vector_8
                0x00000422                __vector_26
                0x00000422                __vector_48
                0x00000422                __vector_14
                0x00000422                __vector_53
                0x00000422                __vector_10
                0x00000422                __vector_50
                0x00000422                __vector_16
                0x00000422                __vector_18
                0x00000422                __vector_20
                0x00000422                __vector_42
                0x00000424                . = ALIGN (0x2)
 *(.text.*)
 .text.init_adc
                0x00000424       0x3a adc.o
                0x00000424                init_adc
 .text.I2C_Init
                0x0000045e       0x2e I2C.o
                0x0000045e                I2C_Init
 .text.I2C_Start
                0x0000048c       0x4c I2C.o
                0x0000048c                I2C_Start
 .text.I2C_Write
                0x000004d8       0x2e I2C.o
                0x000004d8                I2C_Write
 .text.I2C_Stop
                0x00000506       0x12 I2C.o
                0x00000506                I2C_Stop
 .text.init_timer1
                0x00000518       0x40 main.o
                0x00000518                init_timer1
 .text.adc_packet_send
                0x00000558       0xe2 main.o
                0x00000558                adc_packet_send
 .text.generator_tab_send
                0x0000063a       0x24 main.o
                0x0000063a                generator_tab_send
 .text.main     0x0000065e      0x316 main.o
                0x0000065e                main
 .text.__vector_17
                0x00000974       0x32 main.o
                0x00000974                __vector_17
 .text.__vector_29
                0x000009a6       0xca main.o
                0x000009a6                __vector_29
 .text.__vector_36
                0x00000a70       0xb4 main.o
                0x00000a70                __vector_36
 .text.SPI_MasterInit
                0x00000b24       0x14 SPI.o
                0x00000b24                SPI_MasterInit
 .text.MCU_to_FPGA
                0x00000b38       0x5c SPI.o
                0x00000b38                MCU_to_FPGA
 .text.ssd1306_command
                0x00000b94       0x18 ssd1306.o
                0x00000b94                ssd1306_command
 .text.InitializeDisplay
                0x00000bac       0x66 ssd1306.o
                0x00000bac                InitializeDisplay
 .text.displayOn
                0x00000c12        0x6 ssd1306.o
                0x00000c12                displayOn
 .text.displayOff
                0x00000c18        0x6 ssd1306.o
                0x00000c18                displayOff
 .text.SendChar
                0x00000c1e       0x18 ssd1306.o
                0x00000c1e                SendChar
 .text.setXY    0x00000c36       0x26 ssd1306.o
                0x00000c36                setXY
 .text.clear_display
                0x00000c5c       0x24 ssd1306.o
                0x00000c5c                clear_display
 .text.reset_display
                0x00000c80        0x8 ssd1306.o
                0x00000c80                reset_display
 .text.sendStrXY
                0x00000c88       0x72 ssd1306.o
                0x00000c88                sendStrXY
 .text.uart_Init
                0x00000cfa       0x24 uart.o
                0x00000cfa                uart_Init
 .text.uart0_Init
                0x00000d1e       0x24 uart.o
                0x00000d1e                uart0_Init
 .text.putchUSART1
                0x00000d42       0x10 uart.o
                0x00000d42                putchUSART1
 .text.putsUSART1
                0x00000d52       0x36 uart.o
                0x00000d52                putsUSART1
 .text.libgcc.div
                0x00000d88       0x18 c:/program files (x86)/atmel/studio/7.0/toolchain/avr8/avr8-gnu-toolchain/bin/../lib/gcc/avr/5.4.0/avr6\libgcc.a(_udivmodqi4.o)
                0x00000d88                __udivmodqi4
 .text.libgcc.div
                0x00000da0       0x28 c:/program files (x86)/atmel/studio/7.0/toolchain/avr8/avr8-gnu-toolchain/bin/../lib/gcc/avr/5.4.0/avr6\libgcc.a(_divmodsi4.o)
                0x00000da0                __divmodsi4
 .text.libgcc.div
                0x00000dc8       0x10 c:/program files (x86)/atmel/studio/7.0/toolchain/avr8/avr8-gnu-toolchain/bin/../lib/gcc/avr/5.4.0/avr6\libgcc.a(_negsi2.o)
                0x00000dc8                __negsi2
 .text.libgcc.div
                0x00000dd8       0x44 c:/program files (x86)/atmel/studio/7.0/toolchain/avr8/avr8-gnu-toolchain/bin/../lib/gcc/avr/5.4.0/avr6\libgcc.a(_udivmodsi4.o)
                0x00000dd8                __udivmodsi4
                0x00000e1c                . = ALIGN (0x2)
 *(.fini9)
 .fini9         0x00000e1c        0x0 c:/program files (x86)/atmel/studio/7.0/toolchain/avr8/avr8-gnu-toolchain/bin/../lib/gcc/avr/5.4.0/avr6\libgcc.a(_exit.o)
                0x00000e1c                _exit
                0x00000e1c                exit
 *(.fini9)
 *(.fini8)
 *(.fini8)
 *(.fini7)
 *(.fini7)
 *(.fini6)
 *(.fini6)
 *(.fini5)
 *(.fini5)
 *(.fini4)
 *(.fini4)
 *(.fini3)
 *(.fini3)
 *(.fini2)
 *(.fini2)
 *(.fini1)
 *(.fini1)
 *(.fini0)
 .fini0         0x00000e1c        0x4 c:/program files (x86)/atmel/studio/7.0/toolchain/avr8/avr8-gnu-toolchain/bin/../lib/gcc/avr/5.4.0/avr6\libgcc.a(_exit.o)
 *(.fini0)
                0x00000e20                _etext = .

.data           0x00800200       0x12 load address 0x00000e20
                0x00800200                PROVIDE (__data_start, .)
 *(.data)
 *(.data*)
 .data.max_len.2572
                0x00800200        0x2 main.o
 .data.sample_flag
                0x00800202        0x1 main.o
                0x00800202                sample_flag
 .data.flagUART
                0x00800203        0x1 main.o
                0x00800203                flagUART
 .data._i2c_address
                0x00800204        0x1 ssd1306.o
                0x00800204                _i2c_address
 *(.gnu.linkonce.d*)
 *(.rodata)
 *(.rodata*)
 .rodata.str1.1
                0x00800205        0xd main.o
 *(.gnu.linkonce.r*)
                0x00800212                . = ALIGN (0x2)
                0x00800212                _edata = .
                0x00800212                PROVIDE (__data_end, .)

.bss            0x00800212      0xe0c
                0x00800212                PROVIDE (__bss_start, .)
 *(.bss)
 *(.bss*)
 .bss.i.2571    0x00800212        0x2 main.o
 .bss.i.2565    0x00800214        0x2 main.o
 .bss.start_stop
                0x00800216        0x1 main.o
                0x00800216                start_stop
 .bss.Frequency
                0x00800217        0x1 main.o
                0x00800217                Frequency
 .bss.Amplitude
                0x00800218        0x1 main.o
                0x00800218                Amplitude
 .bss.Shape     0x00800219        0x1 main.o
                0x00800219                Shape
 .bss.ActiveIndicator
                0x0080021a        0x1 main.o
                0x0080021a                ActiveIndicator
 .bss.SW        0x0080021b        0x1 main.o
                0x0080021b                SW
 .bss.BTN       0x0080021c        0x1 main.o
                0x0080021c                BTN
 .bss.type      0x0080021d        0x1 main.o
                0x0080021d                type
 *(COMMON)
 COMMON         0x0080021e      0xe00 main.o
                0x0080021e                Bodeplot_Send
                0x00800324                j
                0x00800325                x
                0x00800327                adc_buffer1
                0x0080070f                record_length3
                0x00800711                display_buffer
                0x00800b11                sample_rate
                0x00800b12                length
                0x00800b14                Amplitude_min
                0x00800b15                Amplitude_max
                0x00800b16                Amplitude_Bodeplot
                0x00800b17                flagADC
                0x00800b18                data_return
                0x00800b23                sample_rate2
                0x00800b24                adc_buffer2
                0x00800f0c                record_length
                0x00800f0e                record_length2
                0x00800f10                Bodeplot_Array
                0x0080100f                sample_rate3
                0x00801011                Amplitude_ref
                0x00801012                data_buffer
                0x0080101d                Sample
                0x0080101e                PROVIDE (__bss_end, .)
                0x00000e20                __data_load_start = LOADADDR (.data)
                0x00000e32                __data_load_end = (__data_load_start + SIZEOF (.data))

.noinit         0x0080101e        0x0
                [!provide]                PROVIDE (__noinit_start, .)
 *(.noinit*)
                [!provide]                PROVIDE (__noinit_end, .)
                0x0080101e                _end = .
                [!provide]                PROVIDE (__heap_start, .)

.eeprom         0x00810000        0x0
 *(.eeprom*)
                0x00810000                __eeprom_end = .

.fuse
 *(.fuse)
 *(.lfuse)
 *(.hfuse)
 *(.efuse)

.lock
 *(.lock*)

.signature
 *(.signature*)

.user_signatures
 *(.user_signatures*)

.stab
 *(.stab)

.stabstr
 *(.stabstr)

.stab.excl
 *(.stab.excl)

.stab.exclstr
 *(.stab.exclstr)

.stab.index
 *(.stab.index)

.stab.indexstr
 *(.stab.indexstr)

.comment        0x00000000       0x30
 *(.comment)
 .comment       0x00000000       0x30 adc.o
                                 0x31 (size before relaxing)
 .comment       0x00000030       0x31 I2C.o
 .comment       0x00000030       0x31 main.o
 .comment       0x00000030       0x31 SPI.o
 .comment       0x00000030       0x31 ssd1306.o
 .comment       0x00000030       0x31 uart.o

.note.gnu.avr.deviceinfo
                0x00000000       0x40
 .note.gnu.avr.deviceinfo
                0x00000000       0x40 C:/Program Files (x86)/Atmel/Studio/7.0/Packs/atmel/ATmega_DFP/1.2.209/gcc/dev/atmega2560/avr6/crtatmega2560.o

.note.gnu.build-id
 *(.note.gnu.build-id)

.debug
 *(.debug)

.line
 *(.line)

.debug_srcinfo
 *(.debug_srcinfo)

.debug_sfnames
 *(.debug_sfnames)

.debug_aranges  0x00000000      0x228
 *(.debug_aranges)
 .debug_aranges
                0x00000000       0x20 adc.o
 .debug_aranges
                0x00000020       0x50 I2C.o
 .debug_aranges
                0x00000070       0x50 main.o
 .debug_aranges
                0x000000c0       0x28 SPI.o
 .debug_aranges
                0x000000e8       0xe8 ssd1306.o
 .debug_aranges
                0x000001d0       0x58 uart.o

.debug_pubnames
 *(.debug_pubnames)

.debug_info     0x00000000     0x2a2e
 *(.debug_info .gnu.linkonce.wi.*)
 .debug_info    0x00000000      0xbbc C:/Program Files (x86)/Atmel/Studio/7.0/Packs/atmel/ATmega_DFP/1.2.209/gcc/dev/atmega2560/avr6/crtatmega2560.o
 .debug_info    0x00000bbc       0x9a adc.o
 .debug_info    0x00000c56      0x230 I2C.o
 .debug_info    0x00000e86      0x75b main.o
 .debug_info    0x000015e1       0xf6 SPI.o
 .debug_info    0x000016d7     0x10ff ssd1306.o
 .debug_info    0x000027d6      0x258 uart.o

.debug_abbrev   0x00000000     0x1230
 *(.debug_abbrev)
 .debug_abbrev  0x00000000      0xb1a C:/Program Files (x86)/Atmel/Studio/7.0/Packs/atmel/ATmega_DFP/1.2.209/gcc/dev/atmega2560/avr6/crtatmega2560.o
 .debug_abbrev  0x00000b1a       0x60 adc.o
 .debug_abbrev  0x00000b7a      0x130 I2C.o
 .debug_abbrev  0x00000caa      0x1d0 main.o
 .debug_abbrev  0x00000e7a       0x96 SPI.o
 .debug_abbrev  0x00000f10      0x209 ssd1306.o
 .debug_abbrev  0x00001119      0x117 uart.o

.debug_line     0x00000000     0x1530
 *(.debug_line .debug_line.* .debug_line_end)
 .debug_line    0x00000000      0x1f9 C:/Program Files (x86)/Atmel/Studio/7.0/Packs/atmel/ATmega_DFP/1.2.209/gcc/dev/atmega2560/avr6/crtatmega2560.o
 .debug_line    0x000001f9       0xbc adc.o
 .debug_line    0x000002b5      0x329 I2C.o
 .debug_line    0x000005de      0x4f4 main.o
 .debug_line    0x00000ad2      0x172 SPI.o
 .debug_line    0x00000c44      0x6d7 ssd1306.o
 .debug_line    0x0000131b      0x215 uart.o

.debug_frame    0x00000000      0x5ec
 *(.debug_frame)
 .debug_frame   0x00000000       0x24 adc.o
 .debug_frame   0x00000024       0x84 I2C.o
 .debug_frame   0x000000a8      0x114 main.o
 .debug_frame   0x000001bc       0x34 SPI.o
 .debug_frame   0x000001f0      0x318 ssd1306.o
 .debug_frame   0x00000508       0xe4 uart.o

.debug_str      0x00000000      0xa97
 *(.debug_str)
 .debug_str     0x00000000      0x3e6 C:/Program Files (x86)/Atmel/Studio/7.0/Packs/atmel/ATmega_DFP/1.2.209/gcc/dev/atmega2560/avr6/crtatmega2560.o
 .debug_str     0x000003e6      0x14f adc.o
                                0x188 (size before relaxing)
 .debug_str     0x00000535       0xd8 I2C.o
                                0x245 (size before relaxing)
 .debug_str     0x0000060d      0x279 main.o
                                0x419 (size before relaxing)
 .debug_str     0x00000886       0x1d SPI.o
                                0x1b0 (size before relaxing)
 .debug_str     0x000008a3      0x1a9 ssd1306.o
                                0x39b (size before relaxing)
 .debug_str     0x00000a4c       0x4b uart.o
                                0x1da (size before relaxing)

.debug_loc      0x00000000     0x16be
 *(.debug_loc)
 .debug_loc     0x00000000       0x21 adc.o
 .debug_loc     0x00000021      0x1c8 I2C.o
 .debug_loc     0x000001e9      0x2c2 main.o
 .debug_loc     0x000004ab       0x31 SPI.o
 .debug_loc     0x000004dc      0xf41 ssd1306.o
 .debug_loc     0x0000141d      0x2a1 uart.o

.debug_macinfo
 *(.debug_macinfo)

.debug_weaknames
 *(.debug_weaknames)

.debug_funcnames
 *(.debug_funcnames)

.debug_typenames
 *(.debug_typenames)

.debug_varnames
 *(.debug_varnames)

.debug_pubtypes
 *(.debug_pubtypes)

.debug_ranges   0x00000000      0x1c8
 *(.debug_ranges)
 .debug_ranges  0x00000000       0x10 adc.o
 .debug_ranges  0x00000010       0x40 I2C.o
 .debug_ranges  0x00000050       0x40 main.o
 .debug_ranges  0x00000090       0x18 SPI.o
 .debug_ranges  0x000000a8       0xd8 ssd1306.o
 .debug_ranges  0x00000180       0x48 uart.o

.debug_macro
 *(.debug_macro)
OUTPUT(Osciloscope.elf elf32-avr)
LOAD linker stubs
