EN sevenseg5 NULL C:/Users/Bruger/Desktop/sk/digitalteq/waveform_generator/SevenSeg5.vhd sub00/vhpl10 1559996690
AR divclk divclk_arch C:/Users/Bruger/Desktop/sk/digitalteq/waveform_generator/DivClk.vhd sub00/vhpl03 1559996685
AR sinuslut sinuslut_a C:/Users/Bruger/Desktop/sk/digitalteq/waveform_generator/ipcore_dir/SinusLUT.vhd sub00/vhpl08 1559996681
AR sevenseg5 sevenseg_arch C:/Users/Bruger/Desktop/sk/digitalteq/waveform_generator/SevenSeg5.vhd sub00/vhpl11 1559996691
AR siggencontrol behavioral C:/Users/Bruger/Desktop/sk/digitalteq/waveform_generator/SigGenControl.vhd sub00/vhpl05 1559996687
EN siggentop NULL C:/Users/Bruger/Desktop/sk/digitalteq/waveform_generator/SigGenTop.vhd sub00/vhpl12 1559996692
AR siggendatapath behavioral C:/Users/Bruger/Desktop/sk/digitalteq/waveform_generator/SigGenDatapath.vhd sub00/vhpl09 1559996689
AR btndb behavioral C:/Users/Bruger/Desktop/sk/digitalteq/waveform_generator/BTNdb.vhd sub00/vhpl01 1559996683
AR btn_styr behavioral C:/Users/Bruger/Desktop/sk/digitalteq/waveform_generator/BTN_STYR.vhd sub00/vhpl15 1560166031
EN siggendatapath NULL C:/Users/Bruger/Desktop/sk/digitalteq/waveform_generator/SigGenDatapath.vhd sub00/vhpl06 1559996688
EN divclk NULL C:/Users/Bruger/Desktop/sk/digitalteq/waveform_generator/DivClk.vhd sub00/vhpl02 1559996684
EN siggencontrol NULL C:/Users/Bruger/Desktop/sk/digitalteq/waveform_generator/SigGenControl.vhd sub00/vhpl04 1559996686
AR siggentop behavioral C:/Users/Bruger/Desktop/sk/digitalteq/waveform_generator/SigGenTop.vhd sub00/vhpl13 1559996693
EN btndb NULL C:/Users/Bruger/Desktop/sk/digitalteq/waveform_generator/BTNdb.vhd sub00/vhpl00 1559996682
EN btn_styr NULL C:/Users/Bruger/Desktop/sk/digitalteq/waveform_generator/BTN_STYR.vhd sub00/vhpl14 1560166030
EN sinuslut NULL C:/Users/Bruger/Desktop/sk/digitalteq/waveform_generator/ipcore_dir/SinusLUT.vhd sub00/vhpl07 1559996680
